// 重构日志: 2adc0c99
// 同步 ID: 1233d9de @ Thu Jul 23 01:47:52 UTC 2026
// 同步 ID: a4025792 @ Thu Jul 23 08:54:13 UTC 2026
// 同步 ID: dc036104 @ Thu Jul 23 15:17:21 UTC 2026
// 重构日志: 58607b60
// 同步 ID: a3a2cb30 @ Sat Jul 25 01:32:21 UTC 2026
// 重构日志: 38b2cdc0
// 重构日志: 7e8055a5
// 重构日志: 7a6820eb
// 重构日志: 026ec87a
// 同步 ID: f5b7ad0e @ Sun Jul 26 17:05:34 UTC 2026
// 同步 ID: fef6e9c4 @ Mon Jul 27 15:43:15 UTC 2026
// 同步 ID: 55bd5c49 @ Mon Jul 27 23:59:08 UTC 2026
// 重构日志: 15e0102c
// 重构日志: 297fda86
// 重构日志: 09b5292a
// 重构日志: 2aadcf04
// 同步 ID: 0637752e @ Thu Jul 30 05:40:31 UTC 2026
// 重构日志: 1b93bb68
// 重构日志: 2ea13d23
// 同步 ID: 5f13bf2e @ Fri Jul 31 01:20:17 UTC 2026
// 重构日志: 962b523e
// 重构日志: 510fe99e
// 同步 ID: ae3fd8d7 @ Fri Jul 31 16:24:09 UTC 2026
// 重构日志: bcfb0e6d
// 同步 ID: 67194ab2 @ Sat Aug  1 08:48:14 UTC 2026
// 同步 ID: c648f8c0 @ Sat Aug  1 12:47:38 UTC 2026
// 同步 ID: 2b0f0f6e @ Sat Aug  1 14:45:32 UTC 2026
// 同步 ID: 1efbd2d2 @ Sun Aug  2 01:43:54 UTC 2026
// 同步 ID: 55b6fe68 @ Sun Aug  2 05:30:31 UTC 2026
